// Jest Snapshot v1, https://goo.gl/fbAQLP

exports[`renders a github card component 1`] = `
<div
  className="card"
>
  <img
    className="card-img-top"
    src="../images/doge.png"
  />
  <div
    className="card-body"
  >
    <div
      className="card-title h5"
    >
      skim1127
    </div>
    <p
      className="card-text"
    >
      Upcoming Full-Stack Developer :)
    </p>
  </div>
</div>
`;

exports[`renders a snapshot 1`] = `
<div
  className="App"
>
  <header
    className="App-header"
  >
    <img
      alt="logo"
      className="App-logo"
      src="logo.svg"
    />
    <p>
      Edit 
      <code>
        src/App.js
      </code>
       and save to reload.
    </p>
    <a
      className="App-link"
      href="https://reactjs.org"
      rel="noopener noreferrer"
      target="_blank"
    >
      Learn React
    </a>
  </header>
  <h2>
    Hello World
  </h2>
</div>
`;
